
Copyright (C) 1994-2020 Synopsys, Inc.
This Synopsys software and all associated documentation are proprietary to Synopsys, Inc.
and may only be used pursuant to the terms and conditions of a written license agreement
with Synopsys, Inc. All other use, reproduction, modification, or distribution of the
Synopsys software or the associated documentation is strictly prohibited.
Tool: Synplify Pro (R)
Build: Q-2020.03L-SP1
Install: C:\lscc\diamond\3.12\synpbase
OS: Windows 6.2

Hostname: DAYALAN-YOGA910

Implementation : impl1
Synopsys HDL compiler and linker, Version comp202003synp2, Build 182R, Built Oct 29 2020 10:49:53, @

Modified Files: 0
FID:  path (prevtimestamp, timestamp)

*******************************************************************
Modules that may have changed as a result of file changes: 0
MID:  lib.cell.view

*******************************************************************
Unmodified files: 12
FID:  path (timestamp)
20       C:\Users\Dayalan Nair\Desktop\UCT-FPGA-Course-2022\dnair_practicals\Counter\Control.v (2022-05-10 18:03:29)
17       C:\Users\Dayalan Nair\Desktop\UCT-FPGA-Course-2022\dnair_practicals\Counter\Registers.v (2022-05-11 08:41:41)
18       C:\Users\Dayalan Nair\Desktop\UCT-FPGA-Course-2022\dnair_practicals\Counter\Structures.v (2022-04-30 07:55:46)
0        C:\Users\Dayalan Nair\Desktop\UCT-FPGA-Course-2022\dnair_practicals\Counter\UART.v (2022-05-09 09:07:48)
19       C:\Users\Dayalan Nair\Desktop\UCT-FPGA-Course-2022\dnair_practicals\Counter\UART_Packets.v (2022-05-09 09:22:51)
21       C:\Users\Dayalan Nair\Desktop\UCT-FPGA-Course-2022\dnair_practicals\Counter\UART_wrapper.v (2022-05-11 08:29:19)
3        C:\lscc\diamond\3.12\synpbase\lib\lucent\pmi_def.v (2020-10-29 10:20:54)
4        C:\lscc\diamond\3.12\synpbase\lib\lucent\xp2.v (2020-10-29 10:20:54)
5        C:\lscc\diamond\3.12\synpbase\lib\vlog\hypermods.v (2020-10-29 10:23:10)
6        C:\lscc\diamond\3.12\synpbase\lib\vlog\scemi_objects.v (2020-10-29 10:23:10)
7        C:\lscc\diamond\3.12\synpbase\lib\vlog\scemi_pipes.svh (2020-10-29 10:23:10)
8        C:\lscc\diamond\3.12\synpbase\lib\vlog\umr_capim.v (2020-10-29 10:23:10)

*******************************************************************
Unchanged modules: 0
MID:  lib.cell.view
