
Copyright (C) 1994-2020 Synopsys, Inc.
This Synopsys software and all associated documentation are proprietary to Synopsys, Inc.
and may only be used pursuant to the terms and conditions of a written license agreement
with Synopsys, Inc. All other use, reproduction, modification, or distribution of the
Synopsys software or the associated documentation is strictly prohibited.
Tool: Synplify Pro (R)
Build: Q-2020.03L-SP1
Install: C:\lscc\diamond\3.12\synpbase
OS: Windows 6.2

Hostname: DAYALAN1

Implementation : impl1

# Written on Mon May  9 09:25:31 2022

##### DESIGN INFO #######################################################

Top View:                "UART_wrapper"
Constraint File(s):      "C:\Users\Dayalan Nair\Desktop\UCT-FPGA-Course-2022\dnair_practicals\Counter\counter.fdc"




##### SUMMARY ############################################################

Found 4 issues in 2 out of 6 constraints


##### DETAILS ############################################################



Clock Relationships
*******************

Starting     Ending     |     rise to rise     |     fall to fall     |     rise to fall     |     fall to rise                     
-----------------------------------------------------------------------------------------------------------------------------------
ipClk        ipClk      |     20.000           |     No paths         |     No paths         |     No paths                         
===================================================================================================================================
 Note: 'No paths' indicates there are no paths in the design for that pair of clock edges.
       'Diff grp' indicates that paths exist but the starting clock and ending clock are in different clock groups.


Unconstrained Start/End Points
******************************

p:ipUART_Rx
p:ipnReset
p:opLED[0]
p:opLED[1]
p:opLED[2]
p:opLED[3]
p:opLED[4]
p:opLED[5]
p:opLED[6]
p:opLED[7]
p:opUART_Tx


Inapplicable constraints
************************

set_false_path -from [get_registers *] -to [get_ports bp*]
	@E::"c:/users/dayalan nair/desktop/uct-fpga-course-2022/dnair_practicals/counter/counter.fdc":9:0:9:0|Timing constraint (from [get_registers *] to [get_ports bp*]) (false path) was not applied to the design because none of the '-to' objects specified by the constraint exist in the design
	@E::"c:/users/dayalan nair/desktop/uct-fpga-course-2022/dnair_practicals/counter/counter.fdc":9:0:9:0|collection "[get_ports bp*]" is empty
set_false_path -to [get_registers *] -from [get_ports bp*]
	@E::"c:/users/dayalan nair/desktop/uct-fpga-course-2022/dnair_practicals/counter/counter.fdc":8:0:8:0|Timing constraint (from [get_ports bp*] to [get_registers *]) (false path) was not applied to the design because none of the '-from' objects specified by the constraint exist in the design
	@E::"c:/users/dayalan nair/desktop/uct-fpga-course-2022/dnair_practicals/counter/counter.fdc":8:0:8:0|collection "[get_ports bp*]" is empty

Applicable constraints with issues
**********************************

(none)


Constraints with matching wildcard expressions
**********************************************

set_false_path -from [get_registers *] -to [get_ports op*]
	@N:MF891:"c:/users/dayalan nair/desktop/uct-fpga-course-2022/dnair_practicals/counter/counter.fdc":7:0:7:0|expression "[get_registers *]" applies to objects:
		control.opAddress[0]
		control.opAddress[1]
		control.opAddress[2]
		control.opAddress[3]
		control.opAddress[4]
		control.opAddress[5]
		control.opAddress[6]
		control.opAddress[7]
		control.opTxPkt\.Data[0]
		control.opTxPkt\.Data[1]
		control.opTxPkt\.Data[2]
		control.opTxPkt\.Data[3]
		control.opTxPkt\.Data[4]
		control.opTxPkt\.Data[5]
		control.opTxPkt\.Data[6]
		control.opTxPkt\.Data[7]
		control.opTxPkt\.Destination[0]
		control.opTxPkt\.Destination[1]
		control.opTxPkt\.Destination[2]
		control.opTxPkt\.Destination[3]
		control.opTxPkt\.Destination[4]
		control.opTxPkt\.Destination[5]
		control.opTxPkt\.Destination[6]
		control.opTxPkt\.Destination[7]
		control.opTxPkt\.SoP
		control.opTxPkt\.Source[0]
		control.opTxPkt\.Source[1]
		control.opTxPkt\.Source[2]
		control.opTxPkt\.Source[3]
		control.opTxPkt\.Source[4]
		control.opTxPkt\.Source[5]
		control.opTxPkt\.Source[6]
		control.opTxPkt\.Source[7]
		control.opTxPkt\.Valid
		control.opWrData[0]
		control.opWrData[1]
		control.opWrData[2]
		control.opWrData[3]
		control.opWrData[4]
		control.opWrData[5]
		control.opWrData[6]
		control.opWrData[7]
		control.opWrData[8]
		control.opWrData[9]
		control.opWrData[10]
		control.opWrData[11]
		control.opWrData[12]
		control.opWrData[13]
		control.opWrData[14]
		control.opWrData[15]
		control.opWrData[16]
		control.opWrData[17]
		control.opWrData[18]
		control.opWrData[19]
		control.opWrData[20]
		control.opWrData[21]
		control.opWrData[22]
		control.opWrData[23]
		control.opWrData[24]
		control.opWrData[25]
		control.opWrData[26]
		control.opWrData[27]
		control.opWrData[28]
		control.opWrData[29]
		control.opWrData[30]
		control.opWrData[31]
		control.opWrEnable
		control.rd_byte_cnt[0]
		control.rd_byte_cnt[1]
		control.rd_byte_cnt[2]
		control.rd_data[8]
		control.rd_data[9]
		control.rd_data[10]
		control.rd_data[11]
		control.rd_data[12]
		control.rd_data[13]
		control.rd_data[14]
		control.rd_data[15]
		control.rd_data[16]
		control.rd_data[17]
		control.rd_data[18]
		control.rd_data[19]
		control.rd_data[20]
		control.rd_data[21]
		control.rd_data[22]
		control.rd_data[23]
		control.rd_data[24]
		control.rd_data[25]
		control.rd_data[26]
		control.rd_data[27]
		control.rd_data[28]
		control.rd_data[29]
		control.rd_data[30]
		control.rd_data[31]
		control.rst
		control.state[0]
		control.state[1]
		control.wr_byte_cnt[0]
		control.wr_byte_cnt[1]
		control.wr_byte_cnt[2]
		control.wr_byte_cnt[3]
		packetiser.UART_Inst.clk_cnt2[0]
		packetiser.UART_Inst.clk_cnt2[1]
		packetiser.UART_Inst.clk_cnt2[2]
		packetiser.UART_Inst.clk_cnt2[3]
		packetiser.UART_Inst.clk_cnt2[4]
		packetiser.UART_Inst.clk_cnt2[5]
		packetiser.UART_Inst.clk_cnt2[6]
		packetiser.UART_Inst.clk_cnt2[7]
		packetiser.UART_Inst.clk_cnt2[8]
		packetiser.UART_Inst.clk_cnt2[9]
		packetiser.UART_Inst.clk_cnt[0]
		packetiser.UART_Inst.clk_cnt[1]
		packetiser.UART_Inst.clk_cnt[2]
		packetiser.UART_Inst.clk_cnt[3]
		packetiser.UART_Inst.clk_cnt[4]
		packetiser.UART_Inst.clk_cnt[5]
		packetiser.UART_Inst.clk_cnt[6]
		packetiser.UART_Inst.clk_cnt[7]
		packetiser.UART_Inst.clk_cnt[8]
		packetiser.UART_Inst.opRxData[0]
		packetiser.UART_Inst.opRxData[1]
		packetiser.UART_Inst.opRxData[2]
		packetiser.UART_Inst.opRxData[3]
		packetiser.UART_Inst.opRxData[4]
		packetiser.UART_Inst.opRxData[5]
		packetiser.UART_Inst.opRxData[6]
		packetiser.UART_Inst.opRxData[7]
		packetiser.UART_Inst.opRxValid
		packetiser.UART_Inst.opTx
		packetiser.UART_Inst.opTxBusy
		packetiser.UART_Inst.rst
		packetiser.UART_Inst.rx
		packetiser.UART_Inst.rx_cnt[0]
		packetiser.UART_Inst.rx_cnt[1]
		packetiser.UART_Inst.rx_cnt[2]
		packetiser.UART_Inst.rx_cnt[3]
		packetiser.UART_Inst.rx_state[0]
		packetiser.UART_Inst.rx_state[1]
		packetiser.UART_Inst.txData[0]
		packetiser.UART_Inst.txData[1]
		packetiser.UART_Inst.txData[2]
		packetiser.UART_Inst.txData[3]
		packetiser.UART_Inst.txData[4]
		packetiser.UART_Inst.txData[5]
		packetiser.UART_Inst.txData[6]
		packetiser.UART_Inst.txData[7]
		packetiser.UART_Inst.tx_cnt[0]
		packetiser.UART_Inst.tx_cnt[1]
		packetiser.UART_Inst.tx_cnt[2]
		packetiser.UART_Inst.tx_cnt[3]
		packetiser.UART_Inst.tx_state[0]
		packetiser.UART_Inst.tx_state[1]
		packetiser.UART_TxData[0]
		packetiser.UART_TxData[1]
		packetiser.UART_TxData[2]
		packetiser.UART_TxData[3]
		packetiser.UART_TxData[4]
		packetiser.UART_TxData[5]
		packetiser.UART_TxData[6]
		packetiser.UART_TxData[7]
		packetiser.UART_TxSend
		packetiser.data_cache[0]
		packetiser.data_cache[1]
		packetiser.data_cache[2]
		packetiser.data_cache[3]
		packetiser.data_cache[4]
		packetiser.data_cache[5]
		packetiser.data_cache[6]
		packetiser.data_cache[7]
		packetiser.opRxStream\.Data[0]
		packetiser.opRxStream\.Data[1]
		packetiser.opRxStream\.Data[2]
		packetiser.opRxStream\.Data[3]
		packetiser.opRxStream\.Data[4]
		packetiser.opRxStream\.Data[5]
		packetiser.opRxStream\.Data[6]
		packetiser.opRxStream\.Data[7]
		packetiser.opRxStream\.Destination[0]
		packetiser.opRxStream\.Destination[1]
		packetiser.opRxStream\.Destination[2]
		packetiser.opRxStream\.Destination[3]
		packetiser.opRxStream\.Destination[4]
		packetiser.opRxStream\.Destination[5]
		packetiser.opRxStream\.Destination[6]
		packetiser.opRxStream\.Destination[7]
		packetiser.opRxStream\.Length[0]
		packetiser.opRxStream\.Length[1]
		packetiser.opRxStream\.Length[2]
		packetiser.opRxStream\.Length[3]
		packetiser.opRxStream\.Length[4]
		packetiser.opRxStream\.Length[5]
		packetiser.opRxStream\.Length[6]
		packetiser.opRxStream\.Length[7]
		packetiser.opRxStream\.Source[0]
		packetiser.opRxStream\.Source[1]
		packetiser.opRxStream\.Source[2]
		packetiser.opRxStream\.Source[3]
		packetiser.opRxStream\.Source[4]
		packetiser.opRxStream\.Source[5]
		packetiser.opRxStream\.Source[6]
		packetiser.opRxStream\.Source[7]
		packetiser.opRxStream\.Valid
		packetiser.opTxReady
		packetiser.rst
		packetiser.rx_len[0]
		packetiser.rx_len[1]
		packetiser.rx_len[2]
		packetiser.rx_len[3]
		packetiser.rx_len[4]
		packetiser.rx_len[5]
		packetiser.rx_len[6]
		packetiser.rx_len[7]
		packetiser.rx_packet[0]
		packetiser.rx_packet[1]
		packetiser.rx_state[0]
		packetiser.tx_byte_length[0]
		packetiser.tx_byte_length[1]
		packetiser.tx_byte_length[2]
		packetiser.tx_byte_length[3]
		packetiser.tx_byte_length[4]
		packetiser.tx_byte_length[5]
		packetiser.tx_byte_length[6]
		packetiser.tx_byte_length[7]
		packetiser.tx_packet[0]
		packetiser.tx_packet[1]
		packetiser.tx_state[0]
		register.Reset
		register.opRdData[0]
		register.opRdData[1]
		register.opRdData[2]
		register.opRdData[3]
		register.opRdData[4]
		register.opRdData[5]
		register.opRdData[6]
		register.opRdData[7]
		register.opRdData[8]
		register.opRdData[9]
		register.opRdData[10]
		register.opRdData[11]
		register.opRdData[12]
		register.opRdData[13]
		register.opRdData[14]
		register.opRdData[15]
		register.opRdData[16]
		register.opRdData[17]
		register.opRdData[18]
		register.opRdData[19]
		register.opRdData[20]
		register.opRdData[21]
		register.opRdData[22]
		register.opRdData[23]
		register.opRdData[24]
		register.opRdData[25]
		register.opRdData[26]
		register.opRdData[27]
		register.opRdData[28]
		register.opRdData[29]
		register.opRdData[30]
		register.opRdData[31]
		register.opWrRegisters\.LEDs[0]
		register.opWrRegisters\.LEDs[1]
		register.opWrRegisters\.LEDs[2]
		register.opWrRegisters\.LEDs[3]
		register.opWrRegisters\.LEDs[4]
		register.opWrRegisters\.LEDs[5]
		register.opWrRegisters\.LEDs[6]
		register.opWrRegisters\.LEDs[7]
	@N:MF891:"c:/users/dayalan nair/desktop/uct-fpga-course-2022/dnair_practicals/counter/counter.fdc":7:0:7:0|expression "[get_ports op*]" applies to objects:
		opLED[0]
		opLED[1]
		opLED[2]
		opLED[3]
		opLED[4]
		opLED[5]
		opLED[6]
		opLED[7]
		opUART_Tx
set_false_path -to [get_registers *] -from [get_ports ip*]
	@N:MF891:"c:/users/dayalan nair/desktop/uct-fpga-course-2022/dnair_practicals/counter/counter.fdc":6:0:6:0|expression "[get_registers *]" applies to objects:
		control.opAddress[0]
		control.opAddress[1]
		control.opAddress[2]
		control.opAddress[3]
		control.opAddress[4]
		control.opAddress[5]
		control.opAddress[6]
		control.opAddress[7]
		control.opTxPkt\.Data[0]
		control.opTxPkt\.Data[1]
		control.opTxPkt\.Data[2]
		control.opTxPkt\.Data[3]
		control.opTxPkt\.Data[4]
		control.opTxPkt\.Data[5]
		control.opTxPkt\.Data[6]
		control.opTxPkt\.Data[7]
		control.opTxPkt\.Destination[0]
		control.opTxPkt\.Destination[1]
		control.opTxPkt\.Destination[2]
		control.opTxPkt\.Destination[3]
		control.opTxPkt\.Destination[4]
		control.opTxPkt\.Destination[5]
		control.opTxPkt\.Destination[6]
		control.opTxPkt\.Destination[7]
		control.opTxPkt\.SoP
		control.opTxPkt\.Source[0]
		control.opTxPkt\.Source[1]
		control.opTxPkt\.Source[2]
		control.opTxPkt\.Source[3]
		control.opTxPkt\.Source[4]
		control.opTxPkt\.Source[5]
		control.opTxPkt\.Source[6]
		control.opTxPkt\.Source[7]
		control.opTxPkt\.Valid
		control.opWrData[0]
		control.opWrData[1]
		control.opWrData[2]
		control.opWrData[3]
		control.opWrData[4]
		control.opWrData[5]
		control.opWrData[6]
		control.opWrData[7]
		control.opWrData[8]
		control.opWrData[9]
		control.opWrData[10]
		control.opWrData[11]
		control.opWrData[12]
		control.opWrData[13]
		control.opWrData[14]
		control.opWrData[15]
		control.opWrData[16]
		control.opWrData[17]
		control.opWrData[18]
		control.opWrData[19]
		control.opWrData[20]
		control.opWrData[21]
		control.opWrData[22]
		control.opWrData[23]
		control.opWrData[24]
		control.opWrData[25]
		control.opWrData[26]
		control.opWrData[27]
		control.opWrData[28]
		control.opWrData[29]
		control.opWrData[30]
		control.opWrData[31]
		control.opWrEnable
		control.rd_byte_cnt[0]
		control.rd_byte_cnt[1]
		control.rd_byte_cnt[2]
		control.rd_data[8]
		control.rd_data[9]
		control.rd_data[10]
		control.rd_data[11]
		control.rd_data[12]
		control.rd_data[13]
		control.rd_data[14]
		control.rd_data[15]
		control.rd_data[16]
		control.rd_data[17]
		control.rd_data[18]
		control.rd_data[19]
		control.rd_data[20]
		control.rd_data[21]
		control.rd_data[22]
		control.rd_data[23]
		control.rd_data[24]
		control.rd_data[25]
		control.rd_data[26]
		control.rd_data[27]
		control.rd_data[28]
		control.rd_data[29]
		control.rd_data[30]
		control.rd_data[31]
		control.rst
		control.state[0]
		control.state[1]
		control.wr_byte_cnt[0]
		control.wr_byte_cnt[1]
		control.wr_byte_cnt[2]
		control.wr_byte_cnt[3]
		packetiser.UART_Inst.clk_cnt2[0]
		packetiser.UART_Inst.clk_cnt2[1]
		packetiser.UART_Inst.clk_cnt2[2]
		packetiser.UART_Inst.clk_cnt2[3]
		packetiser.UART_Inst.clk_cnt2[4]
		packetiser.UART_Inst.clk_cnt2[5]
		packetiser.UART_Inst.clk_cnt2[6]
		packetiser.UART_Inst.clk_cnt2[7]
		packetiser.UART_Inst.clk_cnt2[8]
		packetiser.UART_Inst.clk_cnt2[9]
		packetiser.UART_Inst.clk_cnt[0]
		packetiser.UART_Inst.clk_cnt[1]
		packetiser.UART_Inst.clk_cnt[2]
		packetiser.UART_Inst.clk_cnt[3]
		packetiser.UART_Inst.clk_cnt[4]
		packetiser.UART_Inst.clk_cnt[5]
		packetiser.UART_Inst.clk_cnt[6]
		packetiser.UART_Inst.clk_cnt[7]
		packetiser.UART_Inst.clk_cnt[8]
		packetiser.UART_Inst.opRxData[0]
		packetiser.UART_Inst.opRxData[1]
		packetiser.UART_Inst.opRxData[2]
		packetiser.UART_Inst.opRxData[3]
		packetiser.UART_Inst.opRxData[4]
		packetiser.UART_Inst.opRxData[5]
		packetiser.UART_Inst.opRxData[6]
		packetiser.UART_Inst.opRxData[7]
		packetiser.UART_Inst.opRxValid
		packetiser.UART_Inst.opTx
		packetiser.UART_Inst.opTxBusy
		packetiser.UART_Inst.rst
		packetiser.UART_Inst.rx
		packetiser.UART_Inst.rx_cnt[0]
		packetiser.UART_Inst.rx_cnt[1]
		packetiser.UART_Inst.rx_cnt[2]
		packetiser.UART_Inst.rx_cnt[3]
		packetiser.UART_Inst.rx_state[0]
		packetiser.UART_Inst.rx_state[1]
		packetiser.UART_Inst.txData[0]
		packetiser.UART_Inst.txData[1]
		packetiser.UART_Inst.txData[2]
		packetiser.UART_Inst.txData[3]
		packetiser.UART_Inst.txData[4]
		packetiser.UART_Inst.txData[5]
		packetiser.UART_Inst.txData[6]
		packetiser.UART_Inst.txData[7]
		packetiser.UART_Inst.tx_cnt[0]
		packetiser.UART_Inst.tx_cnt[1]
		packetiser.UART_Inst.tx_cnt[2]
		packetiser.UART_Inst.tx_cnt[3]
		packetiser.UART_Inst.tx_state[0]
		packetiser.UART_Inst.tx_state[1]
		packetiser.UART_TxData[0]
		packetiser.UART_TxData[1]
		packetiser.UART_TxData[2]
		packetiser.UART_TxData[3]
		packetiser.UART_TxData[4]
		packetiser.UART_TxData[5]
		packetiser.UART_TxData[6]
		packetiser.UART_TxData[7]
		packetiser.UART_TxSend
		packetiser.data_cache[0]
		packetiser.data_cache[1]
		packetiser.data_cache[2]
		packetiser.data_cache[3]
		packetiser.data_cache[4]
		packetiser.data_cache[5]
		packetiser.data_cache[6]
		packetiser.data_cache[7]
		packetiser.opRxStream\.Data[0]
		packetiser.opRxStream\.Data[1]
		packetiser.opRxStream\.Data[2]
		packetiser.opRxStream\.Data[3]
		packetiser.opRxStream\.Data[4]
		packetiser.opRxStream\.Data[5]
		packetiser.opRxStream\.Data[6]
		packetiser.opRxStream\.Data[7]
		packetiser.opRxStream\.Destination[0]
		packetiser.opRxStream\.Destination[1]
		packetiser.opRxStream\.Destination[2]
		packetiser.opRxStream\.Destination[3]
		packetiser.opRxStream\.Destination[4]
		packetiser.opRxStream\.Destination[5]
		packetiser.opRxStream\.Destination[6]
		packetiser.opRxStream\.Destination[7]
		packetiser.opRxStream\.Length[0]
		packetiser.opRxStream\.Length[1]
		packetiser.opRxStream\.Length[2]
		packetiser.opRxStream\.Length[3]
		packetiser.opRxStream\.Length[4]
		packetiser.opRxStream\.Length[5]
		packetiser.opRxStream\.Length[6]
		packetiser.opRxStream\.Length[7]
		packetiser.opRxStream\.Source[0]
		packetiser.opRxStream\.Source[1]
		packetiser.opRxStream\.Source[2]
		packetiser.opRxStream\.Source[3]
		packetiser.opRxStream\.Source[4]
		packetiser.opRxStream\.Source[5]
		packetiser.opRxStream\.Source[6]
		packetiser.opRxStream\.Source[7]
		packetiser.opRxStream\.Valid
		packetiser.opTxReady
		packetiser.rst
		packetiser.rx_len[0]
		packetiser.rx_len[1]
		packetiser.rx_len[2]
		packetiser.rx_len[3]
		packetiser.rx_len[4]
		packetiser.rx_len[5]
		packetiser.rx_len[6]
		packetiser.rx_len[7]
		packetiser.rx_packet[0]
		packetiser.rx_packet[1]
		packetiser.rx_state[0]
		packetiser.tx_byte_length[0]
		packetiser.tx_byte_length[1]
		packetiser.tx_byte_length[2]
		packetiser.tx_byte_length[3]
		packetiser.tx_byte_length[4]
		packetiser.tx_byte_length[5]
		packetiser.tx_byte_length[6]
		packetiser.tx_byte_length[7]
		packetiser.tx_packet[0]
		packetiser.tx_packet[1]
		packetiser.tx_state[0]
		register.Reset
		register.opRdData[0]
		register.opRdData[1]
		register.opRdData[2]
		register.opRdData[3]
		register.opRdData[4]
		register.opRdData[5]
		register.opRdData[6]
		register.opRdData[7]
		register.opRdData[8]
		register.opRdData[9]
		register.opRdData[10]
		register.opRdData[11]
		register.opRdData[12]
		register.opRdData[13]
		register.opRdData[14]
		register.opRdData[15]
		register.opRdData[16]
		register.opRdData[17]
		register.opRdData[18]
		register.opRdData[19]
		register.opRdData[20]
		register.opRdData[21]
		register.opRdData[22]
		register.opRdData[23]
		register.opRdData[24]
		register.opRdData[25]
		register.opRdData[26]
		register.opRdData[27]
		register.opRdData[28]
		register.opRdData[29]
		register.opRdData[30]
		register.opRdData[31]
		register.opWrRegisters\.LEDs[0]
		register.opWrRegisters\.LEDs[1]
		register.opWrRegisters\.LEDs[2]
		register.opWrRegisters\.LEDs[3]
		register.opWrRegisters\.LEDs[4]
		register.opWrRegisters\.LEDs[5]
		register.opWrRegisters\.LEDs[6]
		register.opWrRegisters\.LEDs[7]
	@N:MF891:"c:/users/dayalan nair/desktop/uct-fpga-course-2022/dnair_practicals/counter/counter.fdc":6:0:6:0|expression "[get_ports ip*]" applies to objects:
		ipClk
		ipUART_Rx
		ipnReset

Library Report
**************


# End of Constraint Checker Report
